\BOOKMARK [1][-]{section.1}{\376\377\000M\000o\000t\000i\000v\000a\000t\000i\000o\000n}{}% 1
\BOOKMARK [1][-]{section.2}{\376\377\000F\000r\000a\000m\000e\000w\000o\000r\000k\000\040\000O\000v\000e\000r\000v\000i\000e\000w}{}% 2
\BOOKMARK [2][-]{subsection.2.1}{\376\377\000P\000r\000e\000s\000e\000r\000v\000a\000t\000i\000o\000n\000\040\000O\000b\000j\000e\000c\000t\000i\000v\000e}{section.2}% 3
\BOOKMARK [2][-]{subsection.2.2}{\376\377\000H\000i\000e\000r\000a\000r\000c\000h\000i\000c\000a\000l\000\040\000P\000i\000p\000e\000l\000i\000n\000e\000\040\000C\000o\000n\000s\000t\000r\000u\000c\000t\000i\000o\000n}{section.2}% 4
\BOOKMARK [2][-]{subsection.2.3}{\376\377\000F\000r\000o\000m\000\040\000P\000i\000p\000e\000l\000i\000n\000e\000\040\000t\000o\000\040\000L\000o\000c\000a\000l\000\040\000L\000a\000w\000s}{section.2}% 5
\BOOKMARK [2][-]{subsection.2.4}{\376\377\000L\000o\000c\000a\000l\000\040\000C\000o\000n\000s\000i\000s\000t\000e\000n\000c\000y\000\040\000R\000e\000q\000u\000i\000r\000e\000m\000e\000n\000t\000s}{section.2}% 6
\BOOKMARK [2][-]{subsection.2.5}{\376\377\000V\000e\000r\000i\000f\000i\000c\000a\000t\000i\000o\000n\000\040\000S\000t\000r\000a\000t\000e\000g\000y\000\040\000a\000n\000d\000\040\000G\000u\000a\000r\000a\000n\000t\000e\000e\000s}{section.2}% 7
\BOOKMARK [2][-]{subsection.2.6}{\376\377\000A\000p\000p\000l\000i\000c\000a\000t\000i\000o\000n\000s\000:\000\040\000O\000p\000t\000i\000m\000i\000z\000a\000t\000i\000o\000n\000\040\000a\000n\000d\000\040\000L\000e\000a\000r\000n\000i\000n\000g}{section.2}% 8
\BOOKMARK [1][-]{section.3}{\376\377\000T\000h\000e\000\040\000M\000e\000c\000h\000a\000n\000i\000s\000m\000:\000\040\000F\000r\000o\000m\000\040\000A\000l\000g\000e\000b\000r\000a\000\040\000t\000o\000\040\000C\000o\000n\000d\000i\000t\000i\000o\000n\000s}{}% 9
\BOOKMARK [2][-]{subsection.3.1}{\376\377\000S\000e\000t\000u\000p\000:\000\040\000S\000t\000r\000i\000n\000g\000s\000,\000\040\000O\000r\000a\000c\000l\000e\000s\000,\000\040\000a\000n\000d\000\040\000M\000e\000t\000r\000i\000c\000s}{section.3}% 10
\BOOKMARK [2][-]{subsection.3.2}{\376\377\000S\000u\000p\000e\000r\000v\000i\000s\000i\000o\000n\000\040\000a\000n\000d\000\040\000F\000a\000c\000t\000o\000r\000i\000z\000a\000t\000i\000o\000n}{section.3}% 11
\BOOKMARK [2][-]{subsection.3.3}{\376\377\000O\000r\000a\000c\000l\000e\000\040\000E\000q\000u\000i\000v\000a\000l\000e\000n\000c\000e}{section.3}% 12
\BOOKMARK [2][-]{subsection.3.4}{\376\377\000S\000u\000f\000f\000i\000c\000i\000e\000n\000c\000y\000\040\000a\000n\000d\000\040\000S\000t\000a\000b\000i\000l\000i\000t\000y}{section.3}% 13
\BOOKMARK [2][-]{subsection.3.5}{\376\377\000D\000o\000c\000u\000m\000e\000n\000t\000\040\000D\000e\000c\000o\000m\000p\000o\000s\000i\000t\000i\000o\000n}{section.3}% 14
\BOOKMARK [2][-]{subsection.3.6}{\376\377\000T\000h\000e\000\040\000A\000l\000g\000e\000b\000r\000a\000i\000c\000\040\000I\000d\000e\000a\000l}{section.3}% 15
\BOOKMARK [2][-]{subsection.3.7}{\376\377\000T\000h\000e\000\040\000T\000h\000r\000e\000e\000\040\000C\000o\000n\000d\000i\000t\000i\000o\000n\000s\000:\000\040\000F\000o\000r\000m\000a\000l\000\040\000S\000t\000a\000t\000e\000m\000e\000n\000t}{section.3}% 16
\BOOKMARK [2][-]{subsection.3.8}{\376\377\000F\000a\000i\000l\000u\000r\000e\000\040\000M\000o\000d\000e\000s}{section.3}% 17
\BOOKMARK [2][-]{subsection.3.9}{\376\377\000C\000o\000n\000s\000e\000q\000u\000e\000n\000c\000e\000s\000:\000\040\000P\000r\000o\000c\000e\000s\000s\000i\000n\000g\000\040\000I\000n\000v\000a\000r\000i\000a\000n\000c\000e}{section.3}% 18
\BOOKMARK [2][-]{subsection.3.10}{\376\377\000S\000a\000f\000e\000\040\000L\000e\000a\000r\000n\000i\000n\000g\000\040\000o\000n\000\040\000S\000u\000m\000m\000a\000r\000i\000e\000s}{section.3}% 19
\BOOKMARK [2][-]{subsection.3.11}{\376\377\000C\000o\000n\000s\000t\000r\000u\000c\000t\000i\000v\000e\000\040\000A\000l\000i\000g\000n\000m\000e\000n\000t\000\040\000v\000i\000a\000\040\000L\000o\000c\000a\000l\000\040\000B\000o\000o\000t\000s\000t\000r\000a\000p\000p\000i\000n\000g}{section.3}% 20
\BOOKMARK [1][-]{section.4}{\376\377\000T\000h\000e\000\040\000P\000r\000o\000b\000a\000b\000i\000l\000i\000s\000t\000i\000c\000\040\000A\000u\000d\000i\000t\000:\000\040\000C\000e\000r\000t\000i\000f\000y\000i\000n\000g\000\040\000P\000i\000p\000e\000l\000i\000n\000e\000s\000\040\000a\000t\000\040\000S\000c\000a\000l\000e}{}% 21
\BOOKMARK [2][-]{subsection.4.1}{\376\377\000T\000h\000e\000\040\000A\000u\000d\000i\000t\000\040\000P\000r\000o\000t\000o\000c\000o\000l}{section.4}% 22
\BOOKMARK [2][-]{subsection.4.2}{\376\377\000C\000o\000n\000n\000e\000c\000t\000i\000n\000g\000\040\000t\000h\000e\000\040\000A\000u\000d\000i\000t\000\040\000t\000o\000\040\000D\000o\000w\000n\000s\000t\000r\000e\000a\000m\000\040\000L\000e\000a\000r\000n\000i\000n\000g}{section.4}% 23
\BOOKMARK [2][-]{subsection.4.3}{\376\377\000O\000p\000t\000i\000m\000i\000z\000i\000n\000g\000\040\000t\000h\000e\000\040\000P\000i\000p\000e\000l\000i\000n\000e}{section.4}% 24
\BOOKMARK [1][-]{section.5}{\376\377\000C\000o\000n\000c\000l\000u\000s\000i\000o\000n\000\040\000a\000n\000d\000\040\000O\000u\000t\000l\000o\000o\000k}{}% 25
\BOOKMARK [1][-]{section.6}{\376\377\000C\000o\000n\000n\000e\000c\000t\000i\000o\000n\000s\000\040\000t\000o\000\040\000R\000e\000l\000a\000t\000e\000d\000\040\000W\000o\000r\000k}{}% 26
\BOOKMARK [1][-]{appendix.A}{\376\377\000N\000o\000t\000a\000t\000i\000o\000n\000\040\000R\000e\000c\000a\000p\000\040\000a\000n\000d\000\040\000L\000o\000c\000a\000l\000\040\000F\000o\000u\000n\000d\000a\000t\000i\000o\000n\000s}{}% 27
\BOOKMARK [2][-]{subsection.A.1}{\376\377\000S\000t\000r\000i\000n\000g\000s\000,\000\040\000o\000r\000a\000c\000l\000e\000,\000\040\000a\000n\000d\000\040\000m\000e\000t\000r\000i\000c}{appendix.A}% 28
\BOOKMARK [2][-]{subsection.A.2}{\376\377\000S\000u\000m\000m\000a\000r\000i\000z\000e\000r\000s\000\040\000a\000n\000d\000\040\000e\000x\000p\000e\000c\000t\000a\000t\000i\000o\000n\000s}{appendix.A}% 29
\BOOKMARK [2][-]{subsection.A.3}{\376\377\000P\000a\000r\000t\000i\000t\000i\000o\000n\000s\000,\000\040\000t\000r\000e\000e\000s\000,\000\040\000a\000n\000d\000\040\000h\000i\000e\000r\000a\000r\000c\000h\000i\000c\000a\000l\000\040\000e\000v\000a\000l\000u\000a\000t\000i\000o\000n}{appendix.A}% 30
\BOOKMARK [2][-]{subsection.A.4}{\376\377\000C\000o\000n\000s\000i\000s\000t\000e\000n\000c\000y\000\040\000c\000o\000n\000d\000i\000t\000i\000o\000n\000s}{appendix.A}% 31
\BOOKMARK [2][-]{subsection.A.5}{\376\377\000N\000o\000d\000e\000w\000i\000s\000e\000\040\000p\000r\000e\000s\000e\000r\000v\000a\000t\000i\000o\000n\000\040\000a\000n\000d\000\040\000t\000h\000e\000\040\000f\000i\000r\000s\000t\000\040\000t\000h\000e\000o\000r\000e\000m}{appendix.A}% 32
\BOOKMARK [1][-]{appendix.B}{\376\377\000P\000r\000o\000o\000f\000s\000\040\000o\000f\000\040\000P\000r\000o\000p\000o\000s\000i\000t\000i\000o\000n\000s\000\040\000a\000n\000d\000\040\000T\000h\000e\000o\000r\000e\000m\000s\000\040\000i\000n\000\040\000t\000h\000e\000\040\000M\000a\000i\000n\000\040\000T\000e\000x\000t}{}% 33
\BOOKMARK [1][-]{appendix.C}{\376\377\000B\000l\000a\000c\000k\000w\000e\000l\000l\040\023\000S\000t\000y\000l\000e\000\040\000S\000c\000o\000r\000e\000\040\000T\000r\000a\000n\000s\000p\000o\000r\000t}{}% 34
\BOOKMARK [1][-]{appendix.D}{\376\377\000P\000r\000a\000c\000t\000i\000c\000a\000l\000\040\000a\000u\000d\000i\000t\000\040\000g\000u\000i\000d\000a\000n\000c\000e}{}% 35
\BOOKMARK [1][-]{appendix.E}{\376\377\000L\000o\000c\000a\000l\000\040\000C\000o\000n\000s\000i\000s\000t\000e\000n\000c\000y\000\040\000B\000o\000o\000t\000s\000t\000r\000a\000p}{}% 36
\BOOKMARK [1][-]{appendix.F}{\376\377\000D\000i\000r\000e\000c\000t\000\040\000P\000r\000e\000f\000e\000r\000e\000n\000c\000e\000\040\000O\000p\000t\000i\000m\000i\000z\000a\000t\000i\000o\000n\000\040\000\050\000D\000P\000O\000\051\000:\000\040\000E\000q\000u\000i\000v\000a\000l\000e\000n\000c\000e\000\040\000a\000n\000d\000\040\000G\000a\000p\000\040\000B\000o\000u\000n\000d\000s}{}% 37
\BOOKMARK [1][-]{appendix.G}{\376\377\000G\000l\000o\000b\000a\000l\000\040\000C\000o\000m\000p\000a\000t\000i\000b\000i\000l\000i\000t\000y\000\040\000V\000a\000r\000i\000a\000n\000t\000\040\000a\000n\000d\000\040\000A\000l\000g\000e\000b\000r\000a\000i\000c\000\040\000S\000t\000r\000u\000c\000t\000u\000r\000e}{}% 38
\BOOKMARK [1][-]{appendix.H}{\376\377\000I\000n\000f\000o\000r\000m\000a\000t\000i\000o\000n\000-\000T\000h\000e\000o\000r\000e\000t\000i\000c\000\040\000V\000i\000e\000w\000\040\000o\000f\000\040\000O\000P\000S}{}% 39
\BOOKMARK [1][-]{appendix.I}{\376\377\000R\000e\000l\000a\000t\000i\000o\000n\000s\000h\000i\000p\000\040\000t\000o\000\040\000M\000e\000r\000g\000e\000a\000b\000l\000e\000\040\000S\000u\000m\000m\000a\000r\000i\000e\000s}{}% 40
\BOOKMARK [2][-]{subsection.I.1}{\376\377\000F\000o\000r\000m\000a\000l\000\040\000S\000e\000t\000u\000p\000\040\000o\000f\000\040\000M\000e\000r\000g\000e\000a\000b\000l\000e\000\040\000S\000u\000m\000m\000a\000r\000i\000e\000s}{appendix.I}% 41
\BOOKMARK [2][-]{subsection.I.2}{\376\377\000M\000a\000p\000p\000i\000n\000g\000\040\000O\000P\000S\000\040\000t\000o\000\040\000M\000e\000r\000g\000e\000a\000b\000l\000e\000\040\000S\000u\000m\000m\000a\000r\000i\000e\000s}{appendix.I}% 42
\BOOKMARK [2][-]{subsection.I.3}{\376\377\000E\000q\000u\000i\000v\000a\000l\000e\000n\000c\000e\000\040\000i\000n\000\040\000t\000h\000e\000\040\000C\000o\000m\000m\000u\000t\000a\000t\000i\000v\000e\000\040\000C\000a\000s\000e}{appendix.I}% 43
\BOOKMARK [2][-]{subsection.I.4}{\376\377\000G\000e\000n\000e\000r\000a\000l\000i\000z\000a\000t\000i\000o\000n\000\040\000t\000o\000\040\000N\000o\000n\000-\000C\000o\000m\000m\000u\000t\000a\000t\000i\000v\000e\000\040\000T\000a\000s\000k\000s}{appendix.I}% 44
\BOOKMARK [2][-]{subsection.I.5}{\376\377\000E\000r\000r\000o\000r\000\040\000P\000r\000o\000p\000a\000g\000a\000t\000i\000o\000n\000\040\000a\000n\000d\000\040\000B\000o\000u\000n\000d\000s}{appendix.I}% 45
\BOOKMARK [1][-]{appendix.J}{\376\377\000E\000x\000i\000s\000t\000e\000n\000c\000e\000\040\000o\000f\000\040\000O\000r\000a\000c\000l\000e\000-\000P\000r\000e\000s\000e\000r\000v\000i\000n\000g\000\040\000S\000u\000m\000m\000a\000r\000i\000e\000s}{}% 46
\BOOKMARK [1][-]{appendix.K}{\376\377\000W\000o\000r\000k\000e\000d\000\040\000E\000x\000a\000m\000p\000l\000e\000s\000\040\000a\000n\000d\000\040\000T\000e\000m\000p\000l\000a\000t\000e\000s}{}% 47
\BOOKMARK [2][-]{subsection.K.1}{\376\377\000B\000i\000n\000a\000r\000y\000\040\000e\000v\000e\000n\000t\000\040\000d\000e\000t\000e\000c\000t\000i\000o\000n\000\040\000\050\000Q\000A\000/\000p\000a\000s\000s\000a\000g\000e\000-\000l\000e\000v\000e\000l\000\051}{appendix.K}% 48
\BOOKMARK [2][-]{subsection.K.2}{\376\377\000E\000n\000t\000i\000t\000y\000\040\000e\000x\000t\000r\000a\000c\000t\000i\000o\000n\000\040\000\050\000t\000u\000p\000l\000e\000\051}{appendix.K}% 49
\BOOKMARK [2][-]{subsection.K.3}{\376\377\000C\000o\000u\000n\000t\000i\000n\000g\000\040\000\050\000n\000u\000m\000e\000r\000i\000c\000\040\000a\000g\000g\000r\000e\000g\000a\000t\000i\000o\000n\000\051}{appendix.K}% 50
\BOOKMARK [2][-]{subsection.K.4}{\376\377\000S\000t\000a\000b\000i\000l\000i\000t\000y\000\040\000I\000s\000\040\000S\000u\000b\000s\000t\000a\000n\000t\000i\000v\000e\000:\000\040\000A\000\040\000M\000i\000n\000i\000m\000a\000l\000\040\000C\000o\000u\000n\000t\000e\000r\000e\000x\000a\000m\000p\000l\000e}{appendix.K}% 51
